#-----------------------------------------------------------
# Vivado v2024.1 (64-bit)
# SW Build 5076996 on Wed May 22 18:37:14 MDT 2024
# IP Build 5075265 on Wed May 22 21:45:21 MDT 2024
# SharedData Build 5076995 on Wed May 22 18:29:18 MDT 2024
# Start of session at: Thu Jul 11 13:46:20 2024
# Process ID: 1596
# Current directory: D:/MyCode/hd/mux4/mux4.runs/mux4_mux2_0_2_synth_1
# Command line: vivado.exe -log mux4_mux2_0_2.vds -product Vivado -mode batch -messageDb vivado.pb -notrace -source mux4_mux2_0_2.tcl
# Log file: D:/MyCode/hd/mux4/mux4.runs/mux4_mux2_0_2_synth_1/mux4_mux2_0_2.vds
# Journal file: D:/MyCode/hd/mux4/mux4.runs/mux4_mux2_0_2_synth_1\vivado.jou
# Running On        :DESKTOP-0M9PCUG
# Platform          :Windows Server 2016 or Windows 10
# Operating System  :22631
# Processor Detail  :12th Gen Intel(R) Core(TM) i7-12700H
# CPU Frequency     :2688 MHz
# CPU Physical cores:14
# CPU Logical cores :20
# Host memory       :16907 MB
# Swap memory       :0 MB
# Total Virtual     :16907 MB
# Available Virtual :10221 MB
#-----------------------------------------------------------
source mux4_mux2_0_2.tcl -notrace
